ar/dev/maxisandoval/webappmaxcotas/service/MascotaService.class
ar/dev/maxisandoval/webappmaxcotas/controller/AuthController.class
ar/dev/maxisandoval/webappmaxcotas/service/VeterinarioService.class
ar/dev/maxisandoval/webappmaxcotas/model/Mascota.class
ar/dev/maxisandoval/webappmaxcotas/repository/MascotaRepository.class
ar/dev/maxisandoval/webappmaxcotas/controller/GlobalExceptionHandler.class
ar/dev/maxisandoval/webappmaxcotas/repository/UsuarioRepository.class
ar/dev/maxisandoval/webappmaxcotas/WebappMaxcotasApplication.class
ar/dev/maxisandoval/webappmaxcotas/model/Usuario.class
ar/dev/maxisandoval/webappmaxcotas/controller/VacunaViewController.class
ar/dev/maxisandoval/webappmaxcotas/model/Vacuna.class
ar/dev/maxisandoval/webappmaxcotas/model/Mascota$MascotaBuilder.class
ar/dev/maxisandoval/webappmaxcotas/repository/VeterinarioRepository.class
ar/dev/maxisandoval/webappmaxcotas/model/Veterinario.class
ar/dev/maxisandoval/webappmaxcotas/controller/VeterinarioViewController.class
ar/dev/maxisandoval/webappmaxcotas/controller/MascotaViewController.class
ar/dev/maxisandoval/webappmaxcotas/service/CustomUserDetailsService.class
ar/dev/maxisandoval/webappmaxcotas/service/VacunaService.class
ar/dev/maxisandoval/webappmaxcotas/config/SecuriyConfiguration.class
ar/dev/maxisandoval/webappmaxcotas/controller/PanelAdminController.class
ar/dev/maxisandoval/webappmaxcotas/ServletInitializer.class
ar/dev/maxisandoval/webappmaxcotas/repository/VacunaRepository.class
