/home/runner/work/webapp-maxcotas/webapp-maxcotas/src/main/java/ar/dev/maxisandoval/webappmaxcotas/service/VeterinarioService.java
/home/runner/work/webapp-maxcotas/webapp-maxcotas/src/main/java/ar/dev/maxisandoval/webappmaxcotas/controller/GlobalExceptionHandler.java
/home/runner/work/webapp-maxcotas/webapp-maxcotas/src/main/java/ar/dev/maxisandoval/webappmaxcotas/repository/MascotaRepository.java
/home/runner/work/webapp-maxcotas/webapp-maxcotas/src/main/java/ar/dev/maxisandoval/webappmaxcotas/config/SecuriyConfiguration.java
/home/runner/work/webapp-maxcotas/webapp-maxcotas/src/main/java/ar/dev/maxisandoval/webappmaxcotas/controller/VacunaViewController.java
/home/runner/work/webapp-maxcotas/webapp-maxcotas/src/main/java/ar/dev/maxisandoval/webappmaxcotas/service/MascotaService.java
/home/runner/work/webapp-maxcotas/webapp-maxcotas/src/main/java/ar/dev/maxisandoval/webappmaxcotas/service/CustomUserDetailsService.java
/home/runner/work/webapp-maxcotas/webapp-maxcotas/src/main/java/ar/dev/maxisandoval/webappmaxcotas/controller/MascotaViewController.java
/home/runner/work/webapp-maxcotas/webapp-maxcotas/src/main/java/ar/dev/maxisandoval/webappmaxcotas/repository/VeterinarioRepository.java
/home/runner/work/webapp-maxcotas/webapp-maxcotas/src/main/java/ar/dev/maxisandoval/webappmaxcotas/WebappMaxcotasApplication.java
/home/runner/work/webapp-maxcotas/webapp-maxcotas/src/main/java/ar/dev/maxisandoval/webappmaxcotas/model/Vacuna.java
/home/runner/work/webapp-maxcotas/webapp-maxcotas/src/main/java/ar/dev/maxisandoval/webappmaxcotas/repository/VacunaRepository.java
/home/runner/work/webapp-maxcotas/webapp-maxcotas/src/main/java/ar/dev/maxisandoval/webappmaxcotas/ServletInitializer.java
/home/runner/work/webapp-maxcotas/webapp-maxcotas/src/main/java/ar/dev/maxisandoval/webappmaxcotas/service/VacunaService.java
/home/runner/work/webapp-maxcotas/webapp-maxcotas/src/main/java/ar/dev/maxisandoval/webappmaxcotas/model/Usuario.java
/home/runner/work/webapp-maxcotas/webapp-maxcotas/src/main/java/ar/dev/maxisandoval/webappmaxcotas/model/Veterinario.java
/home/runner/work/webapp-maxcotas/webapp-maxcotas/src/main/java/ar/dev/maxisandoval/webappmaxcotas/controller/PanelAdminController.java
/home/runner/work/webapp-maxcotas/webapp-maxcotas/src/main/java/ar/dev/maxisandoval/webappmaxcotas/controller/AuthController.java
/home/runner/work/webapp-maxcotas/webapp-maxcotas/src/main/java/ar/dev/maxisandoval/webappmaxcotas/controller/VeterinarioViewController.java
/home/runner/work/webapp-maxcotas/webapp-maxcotas/src/main/java/ar/dev/maxisandoval/webappmaxcotas/repository/UsuarioRepository.java
/home/runner/work/webapp-maxcotas/webapp-maxcotas/src/main/java/ar/dev/maxisandoval/webappmaxcotas/model/Mascota.java
